
> osrs-flipping-dashboard@0.1.0 build
> next build

  Ôû▓ Next.js 14.2.35
  - Environments: .env.local

   Creating an optimized production build ...
